[biit.edu.pk/index.html]
[backblue.gif]
[fade.gif]
[index.html]
[biit.edu.pk/assets/img/about/BIIT_logo.webp]
[biit.edu.pk/assets/img/about/BIIT_logo.png]
[biit.edu.pk/assets/css/animate.min.css]
[biit.edu.pk/assets/css/bootstrap.min.css]
[biit.edu.pk/assets/css/inpage-style.css]
[biit.edu.pk/assets/css/responsive.css]
[biit.edu.pk/assets/css/style.css]
[biit.edu.pk/assets/img/banner-2/BIIT banner.webp]
[connect.facebook.net/en_US/fbevents.js]
[biit.edu.pk/index-2.html]
[biit.edu.pk/About-Us.html]
[biit.edu.pk/admission.html]
[biit.edu.pk/Contact-Us.html]
[biit.edu.pk/adp-degree.html]
[biit.edu.pk/degree.html]
[biit.edu.pk/CSO.html]
[biit.edu.pk/Download.html]
[biit.edu.pk/News.html]
[biit.edu.pk/QEC.html]
[biit.edu.pk/Team.html]
[biit.edu.pk/Society.html]
[biit.edu.pk/assets/js/jquery.min.js]
[biit.edu.pk/assets/js/bootstrap.min.js]
[biit.edu.pk/assets/js/main.js]
[biit.edu.pk/assets/img/banner-2/H.webp]
[biit.edu.pk/assets/img/about/AP1.webp]
[biit.edu.pk/degree8420.html]
[biit.edu.pk/assets/img/about/AP2.webp]
[biit.edu.pk/degree1806.html]
[biit.edu.pk/assets/img/about/AP3.webp]
[biit.edu.pk/degree0126.html]
[biit.edu.pk/assets/img/about/Faculty2.webp]
[biit.edu.pk/assets/img/about/DLDF1.webp]
[biit.edu.pk/Society93d9.html]
[biit.edu.pk/Society7801.html]
[biit.edu.pk/assets/img/about/CF1.webp]
[biit.edu.pk/Society71da.html]
[biit.edu.pk/assets/img/about/PSFT3.webp]
[biit.edu.pk/Society3151.html]
[biit.edu.pk/assets/img/about/SES2.1.webp]
[biit.edu.pk/News05a9.html]
[biit.edu.pk/News7f33.html]
[biit.edu.pk/Newsbea8.html]
[biit.edu.pk/assets/img/PHOTO.webp]
[biit.edu.pk/assets/img/image.webp]
[biit.edu.pk/assets/img/PHOTO3.webp]
[biit.edu.pk/index.html]
[biit.edu.pk/mnt/data/biit_favicon_pack/favicon_16x16.html]
[biit.edu.pk/mnt/data/biit_favicon_pack/favicon_32x32.html]
[biit.edu.pk/mnt/data/biit_favicon_pack/favicon_48x48.html]
[biit.edu.pk/mnt/data/biit_favicon_pack/favicon_64x64.html]
[biit.edu.pk/mnt/data/biit_favicon_pack/favicon_128x128.html]
[biit.edu.pk/mnt/data/biit_favicon_pack/favicon_256x256.html]
[biit.edu.pk/mnt/data/biit_favicon_pack/favicon_512x512.html]
[biit.edu.pk/manifest.html]
[biit.edu.pk/assets/css/bootstrap.min.css]
[biit.edu.pk/assets/css/animate.min.css]
[biit.edu.pk/assets/css/style.css]
[biit.edu.pk/assets/img/about/123.webp]
[biit.edu.pk/assets/img/123.webp]
[biit.edu.pk/assets/css/inpage-style.css]
[biit.edu.pk/assets/css/responsive.css]
[connect.facebook.net/en_US/fbevents.js]
[biit.edu.pk/assets/img/about/0.html]
[biit.edu.pk/index-2.html]
[biit.edu.pk/assets/img/about/Colored Logo.html]
[biit.edu.pk/About-Us.html]
[biit.edu.pk/assets/js/fontawesome.min.js]
[cdn.jsdelivr.net/npm/bootstrap@5.3.0/dist/css/bootstrap.min.css]
[cdn.jsdelivr.net/npm/bootstrap@5.3.0/dist/js/bootstrap.bundle.min.js]
[stackpath.bootstrapcdn.com/bootstrap/5.1.0/css/bootstrap.min.56.delayed]
[cdnjs.cloudflare.com/ajax/libs/bootstrap/5.1.0/js/bootstrap.bundle.min.js]
[biit.edu.pk/assets/css/fontawesome.min.css]
[biit.edu.pk/assets/css/nice-select.min.css]
[biit.edu.pk/assets/css/magnific.min.css]
[biit.edu.pk/assets/css/slick.min.css]
[biit.edu.pk/assets/css/owl.min.css]
[code.jquery.com/jquery-3.6.0.min.js]
[biit.edu.pk/assets/js/magnific.min.js]
[biit.edu.pk/assets/js/nice-select.min.js]
[biit.edu.pk/assets/js/slick.min.js]
[biit.edu.pk/assets/js/owl.min.js]
[biit.edu.pk/assets/js/counter-up.min.js]
[biit.edu.pk/assets/js/circle-progress.js]
[biit.edu.pk/assets/js/waypoint.min.js]
[biit.edu.pk/assets/js/wow.min.js]
[biit.edu.pk/admission.html]
[biit.edu.pk/assets/css/style1.css]
[www.google.com/recaptcha/api.js]
[biit.edu.pk/index-3.html]
[biit.edu.pk/Contact-Us.html]
[biit.edu.pk/assets1/icons/whatsapp1.webp]
[biit.edu.pk/adp-degree.html]
[biit.edu.pk/degree.html]
[biit.edu.pk/assets/css/inpage-stylec619.css]
[biit.edu.pk/job_fair_main_page.html]
[biit.edu.pk/assets/img/JOB FAIR/9D.png]
[biit.edu.pk/assets/img/JOB FAIR/AKSA.png]
[biit.edu.pk/assets/img/JOB FAIR/ba.png]
[biit.edu.pk/assets/img/JOB FAIR/CODATA.png]
[biit.edu.pk/assets/img/JOB FAIR/CS.png]
[biit.edu.pk/assets/img/JOB FAIR/Cursa.png]
[biit.edu.pk/assets/img/JOB FAIR/Dev.png]
[biit.edu.pk/assets/img/JOB FAIR/DPI.png]
[biit.edu.pk/assets/img/JOB FAIR/excelo.png]
[biit.edu.pk/assets/img/JOB FAIR/Fonzo.png]
[biit.edu.pk/assets/img/JOB FAIR/Future.png]
[biit.edu.pk/assets/img/JOB FAIR/Geek.png]
[biit.edu.pk/assets/img/JOB FAIR/Highbrow.png]
[biit.edu.pk/assets/img/JOB FAIR/Hive.png]
[biit.edu.pk/assets/img/JOB FAIR/Invo.png]
[biit.edu.pk/assets/img/JOB FAIR/Khast.png]
[biit.edu.pk/assets/img/JOB FAIR/Khastech.png]
[biit.edu.pk/assets/img/JOB FAIR/Luminary.png]
[biit.edu.pk/assets/img/JOB FAIR/MtBC.png]
[biit.edu.pk/assets/img/JOB FAIR/RockVilla.png]
[biit.edu.pk/assets/img/JOB FAIR/Swift.png]
[biit.edu.pk/assets/img/JOB FAIR/Synergy.png]
[biit.edu.pk/assets/img/JOB FAIR/Valentiate.png]
[biit.edu.pk/assets/img/JOB FAIR/check.png]
[biit.edu.pk/assets/Resume-Format.docx]
[biit.edu.pk/assets/Sample-Resume.pdf]
[biit.edu.pk/assets/Resume-Writing-Instruction.pdf]
[biit.edu.pk/CSO.html]
[biit.edu.pk/assets/css/facultystyle.css]
[biit.edu.pk/assets/Form.pdf]
[biit.edu.pk/assets/BIIT Prospectus 2025.pdf]
[biit.edu.pk/assets/Clearance Form.pdf]
[biit.edu.pk/assets/Application Form for Fee Installment.pdf]
[biit.edu.pk/Download.html]
[biit.edu.pk/News.html]
[biit.edu.pk/QEC.html]
[biit.edu.pk/Society.html]
[biit.edu.pk/assets/img/faculty/saima.webp]
[biit.edu.pk/assets/img/faculty/sirmustafa.webp]
[biit.edu.pk/assets/img/faculty/MamNoor.jpg]
[biit.edu.pk/assets/img/faculty/sumaira.webp]
[biit.edu.pk/assets/img/faculty/ihtisham.webp]
[biit.edu.pk/assets/img/faculty/Rizwan.webp]
[biit.edu.pk/assets/img/faculty/roma.webp]
[biit.edu.pk/assets/img/faculty/sadia Murtaza.jpg]
[biit.edu.pk/assets/img/faculty/Hina.jpg]
[biit.edu.pk/assets/img/faculty/laiba.jpg]
[biit.edu.pk/assets/img/faculty/QariAbdulHameed.jpg]
[biit.edu.pk/assets/img/faculty/tallah.webp]
[biit.edu.pk/assets/img/faculty/nouman.webp]
[biit.edu.pk/assets/img/faculty/imran.webp]
[biit.edu.pk/assets/img/faculty/saliq.webp]
[biit.edu.pk/assets/img/faculty/nisar.webp]
[biit.edu.pk/assets/img/faculty/Israr.webp]
[biit.edu.pk/assets/img/faculty/ahmed.webp]
[biit.edu.pk/assets/img/faculty/anwar.webp]
[biit.edu.pk/assets/img/faculty/mushtaq.webp]
[biit.edu.pk/assets/img/faculty/Samsoon.webp]
[biit.edu.pk/assets/img/faculty/nabeel.webp]
[biit.edu.pk/assets/img/faculty/Perwish-khokar.webp]
[biit.edu.pk/assets/img/faculty/Hanook.webp]
[biit.edu.pk/Team.html]
[biit.edu.pk/POST.html]
[biit.edu.pk/increment_clicks.html]
[biit.edu.pk/degree8420.html]
[biit.edu.pk/degree1806.html]
[biit.edu.pk/degree0126.html]
[biit.edu.pk/assets/img/shape/4.html]
[biit.edu.pk/assets/img/about/5.html]
[biit.edu.pk/assets/img/icon/dld.html]
[biit.edu.pk/Society93d9.html]
[biit.edu.pk/assets/img/icon/cultural.html]
[biit.edu.pk/Society7801.html]
[biit.edu.pk/assets/img/icon/ps1.html]
[biit.edu.pk/Society71da.html]
[biit.edu.pk/assets/img/icon/Se.html]
[biit.edu.pk/Society3151.html]
[biit.edu.pk/News7f33.html]
[biit.edu.pk/News05a9.html]
[biit.edu.pk/Newsbea8.html]
[biit.edu.pk/assets1/icons/whatsapp1.html]
[biit.edu.pk/assets/img/bg/footer.html]
[biit.edu.pk/assets/css/assets/img/university-bg.html]
[biit.edu.pk/assets/css/assets/img/bg/design.html]
[biit.edu.pk/assets/img/bg/BS42.html]
[biit.edu.pk/assets/img/bg/9.html]
[biit.edu.pk/signals/config/index.html]
[biit.edu.pk/t.html]
[biit.edu.pk/e.html]
[biit.edu.pk/signals/plugins/index.html]
[biit.edu.pk/schema.org/index.html]
[biit.edu.pk/t-2.html]
[biit.edu.pk/o.html]
[biit.edu.pk/signals/iwl.html]
[biit.edu.pk/signals/iwl0fc5.html]
[biit.edu.pk/r.html]
[biit.edu.pk/r-2.html]
[biit.edu.pk/assets/img/about/MFD.html]
[biit.edu.pk/assets/img/about/V2.html]
[biit.edu.pk/assets/img/about/V.html]
[cdn.jsdelivr.net/npm/bootstrap@5.3.0/dist/css/bootstrap.min.css]
[stackpath.bootstrapcdn.com/bootstrap/5.1.0/css/bootstrap.min.css]
[biit.edu.pk/assets/webfonts/fa-brands-400.eot]
[biit.edu.pk/assets/webfonts/fa-brands-400d41d.eot]
[biit.edu.pk/assets/webfonts/fa-brands-400.woff2]
[biit.edu.pk/assets/webfonts/fa-brands-400.woff]
[biit.edu.pk/assets/webfonts/fa-brands-400.ttf]
[biit.edu.pk/assets/webfonts/fa-regular-400.eot]
[biit.edu.pk/assets/webfonts/fa-regular-400d41d.eot]
[biit.edu.pk/assets/webfonts/fa-regular-400.woff2]
[biit.edu.pk/assets/webfonts/fa-regular-400.woff]
[biit.edu.pk/assets/webfonts/fa-regular-400.ttf]
[biit.edu.pk/assets/webfonts/fa-solid-900.eot]
[biit.edu.pk/assets/webfonts/fa-solid-900d41d.eot]
[biit.edu.pk/assets/webfonts/fa-solid-900.woff2]
[biit.edu.pk/assets/webfonts/fa-solid-900.woff]
[biit.edu.pk/assets/webfonts/fa-solid-900.ttf]
[biit.edu.pk/assets/css/fontawesome.min.css]
[biit.edu.pk/assets/css/nice-select.min.css]
[biit.edu.pk/assets/css/magnific.min.css]
[biit.edu.pk/assets/css/slick.min.css]
[biit.edu.pk/assets/css/owl.min.css]
[biit.edu.pk/assets1/images/admis.html]
[biit.edu.pk/assets/css/style1.css]
[biit.edu.pk/index-3.html]
[biit.edu.pk/assets/img/icon/3.html]
[biit.edu.pk/assets/img/icon/2.html]
[biit.edu.pk/assets/img/icon/1.html]
[biit.edu.pk/assets/css/inpage-stylec619.css]
[biit.edu.pk/assets/img/cso.html]
[biit.edu.pk/studentlogin.html]
[biit.edu.pk/companylogin.html]
[biit.edu.pk/job_fair_main_page.html]
[biit.edu.pk/assets/img/fyp1.html]
[biit.edu.pk/assets/img/fyp3.html]
[biit.edu.pk/assets/icons/file2.html]
[biit.edu.pk/assets/icons/file.html]
[biit.edu.pk/assets/css/facultystyle.css]
[biit.edu.pk/assets/icons/file-2.html]
[biit.edu.pk/assets/img/14aug.html]
[biit.edu.pk/assets/img/about/N2.html]
[biit.edu.pk/assets/img/about/N1.html]
[biit.edu.pk/assets/img/about/DLD31.html]
[biit.edu.pk/assets/img/qec.html]
[biit.edu.pk/assets/img/society.html]
[biit.edu.pk/assets/img/Adventure.html]
[biit.edu.pk/assets/img/Adventure2.html]
[biit.edu.pk/assets/img/ai.html]
[biit.edu.pk/assets/img/Csociety.html]
[biit.edu.pk/assets/img/Cyber.html]
[biit.edu.pk/assets/img/debating.html]
[biit.edu.pk/assets/img/Gaming1.html]
[biit.edu.pk/assets/img/Gaming2.html]
[biit.edu.pk/assets/img/Environmental1.html]
[biit.edu.pk/assets/img/Environmental2.html]
[biit.edu.pk/assets/img/FYP.html]
[biit.edu.pk/assets/img/faculty/MrNauman.html]
[biit.edu.pk/assets/img/faculty/TahaSb.html]
[biit.edu.pk/assets/img/faculty/raheem.html]
[biit.edu.pk/assets/img/faculty/ali hussain.html]
[biit.edu.pk/assets/img/Math.html]
[biit.edu.pk/assets/img/movie.html]
[biit.edu.pk/assets/img/about/PSociety.html]
[biit.edu.pk/assets/img/religious1.html]
[biit.edu.pk/assets/img/religious2.html]
[biit.edu.pk/assets/img/about/se.html]
[biit.edu.pk/assets/img/cricket.html]
[biit.edu.pk/assets/img/cricket2.html]
[biit.edu.pk/assets/img/WebSociety.html]
[biit.edu.pk/assets/img/Tutor1.html]
[biit.edu.pk/assets/img/OurFaculty.html]
[biit.edu.pk/assets/img/faculty1.html]
[biit.edu.pk/assets/img/faculty/a.html]
[biit.edu.pk/assets/img/faculty/Dr.Munir.html]
[biit.edu.pk/assets/img/faculty/Ayub.html]
[biit.edu.pk/assets/img/faculty/Nazir2.html]
[biit.edu.pk/assets/img/faculty/SaeedSb.html]
[biit.edu.pk/assets/img/faculty/MrZahid.html]
[biit.edu.pk/assets/img/faculty/Mr.Shahid.html]
[biit.edu.pk/assets/img/faculty/SirShahidJamil.html]
[biit.edu.pk/assets/img/faculty/NadiaM.html]
[biit.edu.pk/assets/img/faculty/Aqeel.html]
[biit.edu.pk/assets/img/faculty/Qadeer.html]
[biit.edu.pk/assets/img/faculty/asadullah.html]
[biit.edu.pk/assets/img/faculty/tashfeen.html]
[biit.edu.pk/assets/img/faculty/Usman.html]
[biit.edu.pk/assets/img/faculty/asad mushtaq.html]
[biit.edu.pk/assets/img/faculty/Bini.html]
[biit.edu.pk/assets/img/faculty/Nadeem.html]
[biit.edu.pk/assets/img/faculty/farhana.html]
[biit.edu.pk/assets/img/faculty/Hammad.html]
[biit.edu.pk/assets/img/faculty/DrMohsin.html]
[biit.edu.pk/assets/img/faculty/DrHassan.html]
[biit.edu.pk/assets/img/faculty/DrAyesha.html]
[biit.edu.pk/assets/img/faculty/sadaf.html]
[biit.edu.pk/assets/img/faculty/NaseerSb.html]
[biit.edu.pk/assets/img/faculty/AdeelSb.html]
[biit.edu.pk/assets/img/faculty/afrasiab.html]
[biit.edu.pk/assets/img/faculty/MrAftab.html]
[biit.edu.pk/assets/img/faculty/MrAmir.html]
[biit.edu.pk/assets/img/faculty/AzharSb.html]
[biit.edu.pk/assets/img/faculty/MrKhalid.html]
[biit.edu.pk/assets/img/faculty/MrAhsan.html]
[biit.edu.pk/assets/img/faculty/shafiq gondal.html]
[biit.edu.pk/assets/img/faculty/ShahidASb.html]
[biit.edu.pk/assets/img/faculty/UmarSb.html]
[biit.edu.pk/assets/img/faculty/Ghousia.html]
[biit.edu.pk/assets/img/faculty/Iqra.html]
[biit.edu.pk/assets/img/faculty/daniyal.html]
[biit.edu.pk/assets/img/faculty/QasimSb.html]
[biit.edu.pk/assets/img/faculty/shafqat.html]
[biit.edu.pk/assets/img/faculty/sumiya.html]
[biit.edu.pk/assets/img/faculty/WaseemSb.html]
[biit.edu.pk/assets/img/faculty/Zahida.html]
[biit.edu.pk/assets/img/faculty/Zohaib.html]
[biit.edu.pk/assets/img/faculty/AbuHurrairah.html]
[biit.edu.pk/assets/img/faculty/H.html]
[biit.edu.pk/assets/img/faculty/Javeria abbasi.html]
[biit.edu.pk/assets/img/faculty/maila.html]
[biit.edu.pk/assets/img/faculty/Mehmoona.html]
[biit.edu.pk/assets/img/faculty/Mona.html]
[biit.edu.pk/assets/img/faculty/Nomaail.html]
[biit.edu.pk/assets/img/faculty/Riffat.html]
[biit.edu.pk/assets/img/faculty/Rubab.html]
[biit.edu.pk/assets/img/faculty/MamSadiqa.html]
[biit.edu.pk/assets/img/faculty/sana liaqat.html]
[biit.edu.pk/assets/img/faculty/Zain.html]
[biit.edu.pk/assets/img/faculty/irum ilyas.html]
[biit.edu.pk/assets/img/faculty/Zeeshan.html]
[biit.edu.pk/assets/img/faculty/AliBintahir.html]
[biit.edu.pk/assets/img/faculty/MrAzeem.html]
[biit.edu.pk/assets/img/faculty/Tayyaba.html]
[biit.edu.pk/assets/img/faculty/zer.html]
[biit.edu.pk/assets/img/faculty/HamzaSb.html]
[biit.edu.pk/assets/img/faculty/MrIrfan.html]
[biit.edu.pk/assets/img/faculty/SohailAdil.html]
[biit.edu.pk/assets/img/faculty/shaheeq.html]
[biit.edu.pk/assets/img/faculty/iqra ejaz.html]
[biit.edu.pk/assets/img/faculty/Mariyum.html]
[biit.edu.pk/assets/img/faculty/amir.html]
[biit.edu.pk/assets/img/faculty/Purwa.html]
[biit.edu.pk/assets/img/faculty/Sajjad.html]
[biit.edu.pk/assets/img/faculty/shehryar.html]
[biit.edu.pk/assets/img/faculty/Awais.html]
[biit.edu.pk/assets/img/faculty/shahid2.html]
[biit.edu.pk/assets/img/faculty/Shaukat.html]
[biit.edu.pk/assets/img/faculty/shakeel.html]
[biit.edu.pk/assets/img/faculty/ibrar.html]
[biit.edu.pk/assets/img/faculty/Fayyaz.html]
[biit.edu.pk/assets/img/faculty/mubashir.html]
[biit.edu.pk/assets/img/faculty/muqarab.html]
[biit.edu.pk/assets/img/faculty/maqsood.html]
[biit.edu.pk/assets/img/faculty/amjid.html]
[biit.edu.pk/assets/img/faculty/nasir.html]
[biit.edu.pk/assets/img/faculty/azra.html]
[biit.edu.pk/assets/webfonts/fa-brands-400.svg]
[biit.edu.pk/assets/webfonts/fa-regular-400.svg]
[biit.edu.pk/assets/webfonts/fa-solid-900.svg]
[biit.edu.pk/assets/css/owl.video.play.html]
[biit.edu.pk/studentlogin.html]
[biit.edu.pk/assets/icons/people.html]
[biit.edu.pk/companylogin.html]
[biit.edu.pk/assets/icons/company.html]
[biit.edu.pk/assets/icons/eye-slash.html]
